// Rstest Snapshot v1

exports[`should not print gzip total diff when change is below threshold 1`] = `
"
File (web)                         Size      Gzip
dist/static/js/index.[[hash]].js   X.X kB   X.X kB
dist/index.html                    X.X kB   X.X kB
                          Total:   X.X kB   X.X kB"
`;

exports[`should print brotli size differences 1`] = `
"
File (web)                         Size      Br
dist/static/js/index.[[hash]].js   X.X kB   X.X kB
dist/index.html                    X.X kB   X.X kB
                          Total:   X.X kB   X.X kB"
`;

exports[`should print brotli size differences 2`] = `
"
File (web)                           Size                 Br
dist/static/css/index.[[hash]].css   X.X kB (+X.X kB)   X.X kB (+X.X kB)
dist/index.html                      X.X kB (+X.X kB)   X.X kB (+X.X kB)
dist/static/js/index.[[hash]].js     X.X kB (+X.X kB)     X.X kB (+X.X kB)
dist/static/js/vendor.[[hash]].js    X.X kB (+X.X kB)     X.X kB (+X.X kB)
                            Total:   X.X kB (+X.X kB)     X.X kB (+X.X kB)"
`;

exports[`should print brotli size differences 3`] = `
"
File (web)                           Size                 Br
dist/static/js/index.[[hash]].js     X.X kB (-X.X kB)    X.X kB (-X.X kB)
dist/static/css/index.[[hash]].css   X.X kB              X.X kB
dist/index.html                      X.X kB (-X.X kB)   X.X kB (-X.X kB)
                            Total:   X.X kB (-X.X kB)    X.X kB (-X.X kB)"
`;

exports[`should print brotli total size differences 1`] = `
"
Total size (web): X.X kB (X.X kB brotli)"
`;

exports[`should print brotli total size differences 2`] = `
"
Total size (web): X.X kB (+X.X kB) (X.X kB (+X.X kB) brotli)"
`;

exports[`should print brotli total size differences 3`] = `
"
Total size (web): X.X kB (-X.X kB) (X.X kB (-X.X kB) brotli)"
`;

exports[`should print gzip size differences 1`] = `
"
File (web)                         Size      Gzip
dist/static/js/index.[[hash]].js   X.X kB   X.X kB
dist/index.html                    X.X kB   X.X kB
                          Total:   X.X kB   X.X kB"
`;

exports[`should print gzip size differences 2`] = `
"
File (web)                           Size                 Gzip
dist/static/css/index.[[hash]].css   X.X kB (+X.X kB)   X.X kB (+X.X kB)
dist/index.html                      X.X kB (+X.X kB)   X.X kB (+X.X kB)
dist/static/js/index.[[hash]].js     X.X kB (+X.X kB)     X.X kB (+X.X kB)
dist/static/js/vendor.[[hash]].js    X.X kB (+X.X kB)     X.X kB (+X.X kB)
                            Total:   X.X kB (+X.X kB)     X.X kB (+X.X kB)"
`;

exports[`should print gzip size differences 3`] = `
"
File (web)                           Size                 Gzip
dist/static/js/index.[[hash]].js     X.X kB (-X.X kB)    X.X kB (-X.X kB)
dist/static/css/index.[[hash]].css   X.X kB              X.X kB
dist/index.html                      X.X kB (-X.X kB)   X.X kB (-X.X kB)
                            Total:   X.X kB (-X.X kB)    X.X kB (-X.X kB)"
`;

exports[`should print gzip total size differences 1`] = `
"
Total size (web): X.X kB (X.X kB gzipped)"
`;

exports[`should print gzip total size differences 2`] = `
"
Total size (web): X.X kB (+X.X kB) (X.X kB (+X.X kB) gzipped)"
`;

exports[`should print gzip total size differences 3`] = `
"
Total size (web): X.X kB (-X.X kB) (X.X kB (-X.X kB) gzipped)"
`;
